// Jest Snapshot v1, https://goo.gl/fbAQLP

exports[`Map renders 1`] = `"<section _c=\\"1666500052654\\" style=\\"height: 400px; width: 400px;\\" class=\\"map-cont\\"><div style=\\"height: 400px; width: 400px; position: relative;\\" class=\\"map-cont leaflet-container leaflet-touch leaflet-grab leaflet-touch-drag leaflet-touch-zoom\\" tabindex=\\"0\\"><div class=\\"leaflet-pane leaflet-map-pane\\" style=\\"left: 0px; top: 0px;\\"><div class=\\"leaflet-pane leaflet-tile-pane\\"></div><div class=\\"leaflet-pane leaflet-overlay-pane\\"></div><div class=\\"leaflet-pane leaflet-shadow-pane\\"></div><div class=\\"leaflet-pane leaflet-marker-pane\\"></div><div class=\\"leaflet-pane leaflet-tooltip-pane\\"></div><div class=\\"leaflet-pane leaflet-popup-pane\\"></div></div><div class=\\"leaflet-control-container\\"><div class=\\"leaflet-top leaflet-left\\"><div class=\\"leaflet-control-zoom leaflet-bar leaflet-control\\"><a class=\\"leaflet-control-zoom-in\\" href=\\"#\\" title=\\"Zoom in\\" role=\\"button\\" aria-label=\\"Zoom in\\" aria-disabled=\\"false\\"><span aria-hidden=\\"true\\">+</span></a><a class=\\"leaflet-control-zoom-out\\" href=\\"#\\" title=\\"Zoom out\\" role=\\"button\\" aria-label=\\"Zoom out\\" aria-disabled=\\"false\\"><span aria-hidden=\\"true\\">âˆ’</span></a></div></div><div class=\\"leaflet-top leaflet-right\\"></div><div class=\\"leaflet-bottom leaflet-left\\"></div><div class=\\"leaflet-bottom leaflet-right\\"><div class=\\"leaflet-control-attribution leaflet-control\\"><a href=\\"https://leafletjs.com\\" title=\\"A JavaScript library for interactive maps\\">Leaflet</a></div></div></div></div><div style=\\"display: none;\\"></div></section>"`;
